#-----------------------------------------------------------
# Vivado v2024.1 (64-bit)
# SW Build 5076996 on Wed May 22 18:37:14 MDT 2024
# IP Build 5075265 on Wed May 22 21:45:21 MDT 2024
# SharedData Build 5076995 on Wed May 22 18:29:18 MDT 2024
# Start of session at: Tue Jan 28 18:33:50 2025
# Process ID: 7732
# Current directory: D:/Github/tt10-SPI-8bit/SPI/spi_master
# Command line: vivado.exe -gui_launcher_event rodinguilauncherevent6556 D:\Github\tt10-SPI-8bit\SPI\spi_master\spi_master.xpr
# Log file: D:/Github/tt10-SPI-8bit/SPI/spi_master/vivado.log
# Journal file: D:/Github/tt10-SPI-8bit/SPI/spi_master\vivado.jou
# Running On        :GHOST
# Platform          :Windows Server 2016 or Windows 10
# Operating System  :19045
# Processor Detail  :Intel(R) Core(TM) i5-10300H CPU @ 2.50GHz
# CPU Frequency     :2496 MHz
# CPU Physical cores:4
# CPU Logical cores :8
# Host memory       :17041 MB
# Swap memory       :1073 MB
# Total Virtual     :18114 MB
# Available Virtual :10599 MB
#-----------------------------------------------------------
start_gui
open_project D:/Github/tt10-SPI-8bit/SPI/spi_master/spi_master.xpr
update_compile_order -fileset sources_1
launch_simulation
open_wave_config D:/Github/tt10-SPI-8bit/SPI/spi_master/tb_spi_master_ver1_behav.wcfg
source tb_spi_master_slave_ver2.tcl
run 100 us
run 100 us
run 100 us
run 100 us
run 100 us
run 100 us
current_wave_config {tb_spi_master_ver1_behav.wcfg}
add_wave {{/tb_spi_master_slave_ver2/uut}} 
current_wave_config {tb_spi_master_ver1_behav.wcfg}
add_wave {{/tb_spi_master_slave_ver2/uut}} 
restart
run 100 us
close_sim
add_files -norecurse D:/Github/tt10-SPI-8bit/src/spi_master_slave.sv
update_compile_order -fileset sources_1
set_property SOURCE_SET sources_1 [get_filesets sim_1]
add_files -fileset sim_1 -norecurse D:/Github/tt10-SPI-8bit/src/tb_spi_master_slave.sv
update_compile_order -fileset sim_1
# Disabling source management mode.  This is to allow the top design properties to be set without GUI intervention.
set_property source_mgmt_mode None [current_project]
set_property top tb_spi_master_slave [get_filesets sim_1]
set_property top_lib xil_defaultlib [get_filesets sim_1]
# Re-enabling previously disabled source management mode.
set_property source_mgmt_mode All [current_project]
update_compile_order -fileset sim_1
synth_design -top spi_master_slave_ver2 -part xc7z020clg484-2 -lint 
launch_simulation
launch_simulation
launch_simulation
launch_simulation
open_wave_config D:/Github/tt10-SPI-8bit/SPI/spi_master/tb_spi_master_ver1_behav.wcfg
source tb_spi_master_slave.tcl
restart
run 100 us
current_wave_config {tb_spi_master_ver1_behav.wcfg}
add_wave {{/tb_spi_master_slave}} 
restart
run 100 us
save_wave_config {D:/Github/tt10-SPI-8bit/SPI/spi_master/tb_spi_master_ver1_behav.wcfg}
close_sim
launch_simulation
open_wave_config D:/Github/tt10-SPI-8bit/SPI/spi_master/tb_spi_master_ver1_behav.wcfg
source tb_spi_master_slave.tcl
restart
run 100 us
close_sim
launch_simulation
launch_simulation
open_wave_config D:/Github/tt10-SPI-8bit/SPI/spi_master/tb_spi_master_ver1_behav.wcfg
source tb_spi_master_slave.tcl
restart
run 100 us
close_sim
launch_simulation
open_wave_config D:/Github/tt10-SPI-8bit/SPI/spi_master/tb_spi_master_ver1_behav.wcfg
source tb_spi_master_slave.tcl
restart
run 100 us
close_sim
launch_simulation
open_wave_config D:/Github/tt10-SPI-8bit/SPI/spi_master/tb_spi_master_ver1_behav.wcfg
source tb_spi_master_slave.tcl
restart
run 100 us
close_sim
launch_simulation
open_wave_config D:/Github/tt10-SPI-8bit/SPI/spi_master/tb_spi_master_ver1_behav.wcfg
source tb_spi_master_slave.tcl
restart
run 100 us
close_sim
launch_simulation
open_wave_config D:/Github/tt10-SPI-8bit/SPI/spi_master/tb_spi_master_ver1_behav.wcfg
source tb_spi_master_slave.tcl
restart
run 100 us
close_sim
launch_simulation
open_wave_config D:/Github/tt10-SPI-8bit/SPI/spi_master/tb_spi_master_ver1_behav.wcfg
source tb_spi_master_slave.tcl
restart
run 100 us
close_sim
launch_simulation
open_wave_config D:/Github/tt10-SPI-8bit/SPI/spi_master/tb_spi_master_ver1_behav.wcfg
source tb_spi_master_slave.tcl
restart
run 100 us
close_sim
launch_simulation
launch_simulation
open_wave_config D:/Github/tt10-SPI-8bit/SPI/spi_master/tb_spi_master_ver1_behav.wcfg
source tb_spi_master_slave.tcl
restart
run 100 us
close_sim
launch_simulation
open_wave_config D:/Github/tt10-SPI-8bit/SPI/spi_master/tb_spi_master_ver1_behav.wcfg
source tb_spi_master_slave.tcl
restart
run 100 us
close_sim
launch_simulation
open_wave_config D:/Github/tt10-SPI-8bit/SPI/spi_master/tb_spi_master_ver1_behav.wcfg
source tb_spi_master_slave.tcl
restart
run 100 us
# Disabling source management mode.  This is to allow the top design properties to be set without GUI intervention.
set_property source_mgmt_mode None [current_project]
set_property top tb_spi_master_slave_ver2 [get_filesets sim_1]
set_property top_lib xil_defaultlib [get_filesets sim_1]
# Re-enabling previously disabled source management mode.
set_property source_mgmt_mode All [current_project]
update_compile_order -fileset sim_1
launch_simulation
close_sim
launch_simulation
open_wave_config D:/Github/tt10-SPI-8bit/SPI/spi_master/tb_spi_master_ver1_behav.wcfg
source tb_spi_master_slave_ver2.tcl
restart
current_wave_config {tb_spi_master_ver1_behav.wcfg}
add_wave {{/tb_spi_master_slave_ver2}} 
restart
run 100 us
# Disabling source management mode.  This is to allow the top design properties to be set without GUI intervention.
set_property source_mgmt_mode None [current_project]
set_property top tb_spi_master_slave [get_filesets sim_1]
set_property top_lib xil_defaultlib [get_filesets sim_1]
# Re-enabling previously disabled source management mode.
set_property source_mgmt_mode All [current_project]
update_compile_order -fileset sim_1
launch_simulation
close_sim
launch_simulation
open_wave_config D:/Github/tt10-SPI-8bit/SPI/spi_master/tb_spi_master_ver1_behav.wcfg
source tb_spi_master_slave.tcl
restart
run 100 us
close_sim
launch_simulation
open_wave_config D:/Github/tt10-SPI-8bit/SPI/spi_master/tb_spi_master_ver1_behav.wcfg
source tb_spi_master_slave.tcl
run 100 us
close_sim
launch_simulation
open_wave_config D:/Github/tt10-SPI-8bit/SPI/spi_master/tb_spi_master_ver1_behav.wcfg
source tb_spi_master_slave.tcl
restart
run 100 us
run 100 us
set_property SOURCE_SET sources_1 [get_filesets sim_1]
add_files -fileset sim_1 -norecurse D:/Github/tt10-SPI-8bit/src/tb_project.sv
update_compile_order -fileset sim_1
# Disabling source management mode.  This is to allow the top design properties to be set without GUI intervention.
set_property source_mgmt_mode None [current_project]
set_property top tb_project [get_filesets sim_1]
set_property top_lib xil_defaultlib [get_filesets sim_1]
# Re-enabling previously disabled source management mode.
set_property source_mgmt_mode All [current_project]
update_compile_order -fileset sim_1
launch_simulation
close_sim
launch_simulation
launch_simulation
launch_simulation
launch_simulation
add_files -norecurse D:/Github/tt10-SPI-8bit/src/project.v
update_compile_order -fileset sources_1
launch_simulation
export_ip_user_files -of_objects  [get_files D:/Github/tt10-SPI-8bit/src/project.v] -no_script -reset -force -quiet
remove_files  D:/Github/tt10-SPI-8bit/src/project.v
add_files -norecurse D:/Github/tt10-SPI-8bit/src/tt_um_spi.sv
update_compile_order -fileset sources_1
synth_design -top spi_master_slave_ver2 -part xc7z020clg484-2 -lint 
launch_simulation
launch_simulation
open_wave_config D:/Github/tt10-SPI-8bit/SPI/spi_master/tb_spi_master_ver1_behav.wcfg
source tb_project.tcl
restart
current_wave_config {tb_spi_master_ver1_behav.wcfg}
add_wave {{/tb_project}} 
run 100 us
save_wave_config {D:/Github/tt10-SPI-8bit/SPI/spi_master/tb_spi_master_ver1_behav.wcfg}
close_sim
launch_simulation
open_wave_config D:/Github/tt10-SPI-8bit/SPI/spi_master/tb_spi_master_ver1_behav.wcfg
source tb_project.tcl
restart
run 100 us
close_sim
